<?xml version="1.0" encoding="UTF-8"?>
<testsuites name="jest tests" tests="4" failures="1" time="2.907">
  <testsuite name="Contacts APP" errors="0" failures="1" skipped="0" timestamp="2020-05-31T04:40:16" time="2.453" tests="4">
    <testcase classname="Contacts APP Should render Contact component" name="Contacts APP Should render Contact component" time="0.03">
      <failure>Error: expect(received).toBe(expected) // Object.is equality

Expected: 7
Received: 0
    at Object.it (/home/renato/codenation/react-13/src/__tests__/submit.test.js:25:37)
    at Object.asyncJestTest (/home/renato/codenation/react-13/node_modules/jest-jasmine2/build/jasmineAsyncInstall.js:102:37)
    at resolve (/home/renato/codenation/react-13/node_modules/jest-jasmine2/build/queueRunner.js:43:12)
    at new Promise (&lt;anonymous&gt;)
    at mapper (/home/renato/codenation/react-13/node_modules/jest-jasmine2/build/queueRunner.js:26:19)
    at promise.then (/home/renato/codenation/react-13/node_modules/jest-jasmine2/build/queueRunner.js:73:41)
    at process._tickCallback (internal/process/next_tick.js:68:7)</failure>
    </testcase>
    <testcase classname="Contacts APP Should render Contacts component" name="Contacts APP Should render Contacts component" time="0.035">
    </testcase>
    <testcase classname="Contacts APP Should render Filters component" name="Contacts APP Should render Filters component" time="0.011">
    </testcase>
    <testcase classname="Contacts APP Should render Topbar component" name="Contacts APP Should render Topbar component" time="0.004">
    </testcase>
  </testsuite>
</testsuites>